{
  "source": {
    "file": "defFl10.bal"
  },
  "position": {
    "line": 28,
    "character": 56
  },
  "result": [
    {
      "range": {
        "start": {
          "line": 24,
          "character": 19
        },
        "end": {
          "line": 24,
          "character": 26
        }
      },
      "uri": "defFl10.bal"
    }
  ]
}