{
  "source": {
    "file": "defFl28.bal"
  },
  "position": {
    "line": 32,
    "character": 11
  },
  "result": [
    {
      "uri": "defFl28.bal",
      "range": {
        "start": {
          "line": 30,
          "character": 12
        },
        "end": {
          "line": 30,
          "character": 18
        }
      }
    }
  ]
}
