{
  "source": {
    "file": "defFl31.bal"
  },
  "position": {
    "line": 50,
    "character": 39
  },
  "result": [
    {
      "range": {
        "start": {
          "line": 40,
          "character": 11
        },
        "end": {
          "line": 40,
          "character": 17
        }
      },
      "uri": "defFl31.bal"
    }
  ]
}