{
  "source": {
    "file": "defFl34.bal"
  },
  "position": {
    "line": 14,
    "character": 23
  },
  "result": [
    {
      "range": {
        "start": {
          "line": 13,
          "character": 12
        },
        "end": {
          "line": 13,
          "character": 18
        }
      },
      "uri": "defFl34.bal"
    }
  ]
}