{
  "source": {
    "file": "defFl29.bal"
  },
  "position": {
    "line": 6,
    "character": 20
  },
  "result": [
    {
      "range": {
        "start": {
          "line": 4,
          "character": 38
        },
        "end": {
          "line": 4,
          "character": 42
        }
      },
      "uri": "defFl29.bal"
    }
  ]
}
