{
  "source": {
    "file": "defFl29.bal"
  },
  "position": {
    "line":10,
    "character": 23
  },
  "result": [
    {
      "range": {
        "start": {
          "line": 9,
          "character": 34
        },
        "end": {
          "line": 9,
          "character": 41
        }
      },
      "uri": "defFl29.bal"
    }
  ]
}
