{
  "source": {
    "file": "defFl8.bal"
  },
  "position": {
    "line": 68,
    "character": 23
  },
  "result": [
    {
      "range": {
        "start": {
          "line": 67,
          "character": 20
        },
        "end": {
          "line": 67,
          "character": 21
        }
      },
      "uri": "defFl8.bal"
    }
  ]
}