{
  "source": {
    "file": "defFl8.bal"
  },
  "position": {
    "line": 16,
    "character": 22
  },
  "result": [
    {
      "range": {
        "start": {
          "line": 15,
          "character": 23
        },
        "end": {
          "line": 15,
          "character": 27
        }
      },
      "uri": "defFl8.bal"
    }
  ]
}