map Should indent properly (1,1-1,4)
map Should indent properly (6,19-6,22)
string Should indent properly (6,23-6,24)
No spaces allowed here (6,30-6,31)
No spaces allowed here (13,19-13,20)
string Should indent properly (13,21-13,22)
No spaces allowed here (13,28-13,29)
Spaces are not allowed before ) (13,37-13,38)
map Should indent properly (14,1-14,4)
string Should indent properly (14,5-14,6)
No spaces allowed here (14,12-14,13)
a Should indent properly (18,12-18,13)
b Should indent properly (18,23-18,24)
c Should indent properly (18,36-18,37)
"cherry" Should indent properly (19,1-19,5)
} Should indent properly (19,13-19,14)
