name Should indent properly (6,19-6,23)
Only Single whitespace is allowed before '=' (6,23-6,24)
"lk" Should indent properly (6,24-6,28)
name Should indent properly (11,1-11,15)
= Should indent properly (12,1-12,2)
"lk" Should indent properly (13,1-13,10)
) Should indent properly (14,1-14,2)
name Should indent properly (18,19-18,22)
Only Single whitespace is allowed before '=' (18,26-18,29)
"lk" Should indent properly (18,30-18,33)
No spaces allowed before ) (18,37-18,38)
