type Should indent properly (1,56-1,60)
type Should indent properly (3,1-3,9)
public Should indent properly (5,1-5,12)
