return Should indent properly (1,31-1,37)
0 Should indent properly (1,37-1,41)
} Should indent properly (1,43-1,44)
int Should indent properly (3,31-3,34)
return Should indent properly (3,41-3,47)
} Should indent properly (3,50-3,51)
return Should indent properly (11,1-11,8)
"Marcus" Should indent properly (12,1-12,11)
return Should indent properly (18,1-18,8)
name Should indent properly (19,1-19,12)
