worker Should indent properly (4,39-4,45)
int Should indent properly (4,55-4,58)
} Should indent properly (4,65-4,66)
worker Should indent properly (6,1-6,7)
int Should indent properly (7,1-7,14)
} Should indent properly (7,24-7,25)
Unusual whitespaces detected before @ (7,25-7,26)
worker Should indent properly (8,1-8,53)
} Should indent properly (10,1-10,36)
fork Should indent properly (12,1-12,10)
Unusual whitespaces detected before @ (12,16-12,17)
worker Should indent properly (13,1-13,29)
} Should indent properly (15,1-15,26)
} Should indent properly (16,1-16,17)
worker Should indent properly (20,1-20,2)
Only Single whitespace is allowed before { (20,14-20,19)
int Should indent properly (21,1-21,4)
x Should indent properly (22,1-22,10)
Only Single whitespace is allowed before -> (22,11-22,13)
Only one whitespace is allowed before w2 (22,13-22,15)
error Should indent properly (23,1-23,15)
e Should indent properly (23,21-23,25)
flush Should indent properly (23,28-23,34)
Only one whitespace is allowed before w2 (23,39-23,43)
io Should indent properly (24,1-24,8)
No spaces allowed before : (24,10-24,11)
No spaces allowed before println (24,12-24,13)
Only one whitespace is allowed before ; (24,33-24,34)
} Should indent properly (25,1-25,2)
worker Should indent properly (27,1-27,6)
Only Single whitespace is allowed before { (27,19-27,23)
int Should indent properly (28,1-28,12)
<- Should indent properly (28,19-28,21)
Only one whitespace is allowed before w1 (28,21-28,23)
io Should indent properly (29,1-29,16)
} Should indent properly (30,1-30,6)
_ Should indent properly (32,1-32,2)
Only single whitespace is allowed before = (32,2-32,5)
Only Single whitespace is allowed before wait (32,6-32,10)
Only Single whitespace is allowed before { (32,14-32,18)
No spaces allowed before , (32,23-32,25)
No spaces allowed before } (32,31-32,33)
worker Should indent properly (36,1-36,7)
Only Single whitespace is allowed before { (36,17-36,21)
} Should indent properly (37,1-37,2)
worker Should indent properly (39,1-39,10)
Only Single whitespace is allowed before returns (39,25-39,32)
int Should indent properly (39,39-39,44)
Only Single whitespace is allowed before { (39,47-39,51)
return Should indent properly (40,1-40,3)
} Should indent properly (41,1-41,11)
Only Single whitespace is allowed before wait (43,8-43,12)
Only Single whitespace is allowed before { (43,16-43,19)
worker Should indent properly (47,1-47,7)
w1 Should indent properly (48,1-48,16)
{ Should indent properly (49,1-49,10)
} Should indent properly (50,1-50,2)
worker Should indent properly (52,1-52,12)
w2 Should indent properly (53,1-53,3)
returns Should indent properly (54,1-54,12)
int Should indent properly (55,1-55,4)
{ Should indent properly (56,1-56,11)
return Should indent properly (57,1-57,12)
} Should indent properly (58,1-58,2)
Only Single whitespace is allowed before wait (60,8-60,13)
, Should indent properly (63,1-63,12)
} Should indent properly (65,1-65,12)
; Should indent properly (66,1-66,12)
