type Should indent properly (2,21-2,25)
type Should indent properly (4,3-4,7)
stream Should indent properly (7,3-7,9)
function Should indent properly (8,47-8,55)
group Should indent properly (13,1-13,13)
having Should indent properly (14,1-14,16)
count Should indent properly (14,22-14,26)
"host within 10 seconds : " Should indent properly (24,1-24,25)
listener Should indent properly (25,2-25,10)
Unusual whitespaces detected before @ (25,41-25,42)
function Should indent properly (28,31-28,35)
Unusual whitespaces detected before @ (30,6-30,10)
No spaces allowed before conn (35,39-35,40)
No spaces allowed before host (36,40-36,41)
No spaces allowed before } (36,55-36,56)
http Should indent properly (37,46-37,54)
"received'}" Should indent properly (39,1-39,33)
