No spaces allowed here (1,5-1,6)
No spaces allowed here (1,8-1,10)
int Should indent properly (3,19-3,22)
No spaces allowed here (3,22-3,23)
No spaces allowed here (3,24-3,25)
No spaces allowed here (4,9-4,11)
No spaces allowed here (5,10-5,11)
No spaces allowed here (5,13-5,14)
No spaces allowed here (6,8-6,9)
No spaces allowed here (6,10-6,12)
No spaces allowed here (6,13-6,14)
No spaces allowed here (6,15-6,17)
