{
  "source": {
    "file": "defFl26.bal"
  },
  "position": {
    "line": 1,
    "character": 20
  },
  "result": [
    {
      "range": {
        "start": {
          "line": 0,
          "character": 12
        },
        "end": {
          "line": 0,
          "character": 26
        }
      },
      "uri": "defFl26.bal"
    }
  ]
}