{
  "source": {
    "file": "defFl4.bal"
  },
  "position": {
    "line": 7,
    "character": 28
  },
  "result": [
    {
      "range": {
        "start": {
          "line": 6,
          "character": 12
        },
        "end": {
          "line": 6,
          "character": 14
        }
      },
      "uri": "defFl4.bal"
    }
  ]
}