{
  "source": {
    "file": "defFl4.bal"
  },
  "position": {
    "line": 51,
    "character": 5
  },
  "result": [
    {
      "range": {
        "start": {
          "line": 42,
          "character": 5
        },
        "end": {
          "line": 42,
          "character": 6
        }
      },
      "uri": "defFl4.bal"
    }
  ]
}