{
  "source": {
    "file": "defFl27.bal"
  },
  "position": {
    "line": 54,
    "character": 14
  },
  "result": [
    {
      "uri": "defFl27.bal",
      "range": {
        "start": {
          "line": 59,
          "character": 9
        },
        "end": {
          "line": 59,
          "character": 30
        }
      }
    }
  ]
}
