{
  "source": {
    "file": "defFl27.bal"
  },
  "position": {
    "line": 122,
    "character": 23
  },
  "result": [
    {
      "uri": "defFl27.bal",
      "range": {
        "start": {
          "line": 117,
          "character": 8
        },
        "end": {
          "line": 117,
          "character": 18
        }
      }
    }
  ]
}
