{
  "source": {
    "file": "defFl27.bal"
  },
  "position": {
    "line": 23,
    "character": 20
  },
  "result": [
    {
      "uri": "defFl27.bal",
      "range": {
        "start": {
          "line": 19,
          "character": 13
        },
        "end": {
          "line": 19,
          "character": 29
        }
      }
    }
  ]
}
