{
  "source": {
    "file": "defFl27.bal"
  },
  "position": {
    "line": 30,
    "character": 35
  },
  "result": [
    {
      "uri": "defFl27.bal",
      "range": {
        "start": {
          "line": 29,
          "character": 11
        },
        "end": {
          "line": 29,
          "character": 19
        }
      }
    }
  ]
}
