{
  "source": {
    "file": "defFl5.bal"
  },
  "position": {
    "line": 5,
    "character": 5
  },
  "result": [
    {
      "range": {
        "start": {
          "line": 4,
          "character": 8
        },
        "end": {
          "line": 4,
          "character": 9
        }
      },
      "uri": "defFl5.bal"
    }
  ]
}