{
  "source": {
    "file": "defFl33.bal"
  },
  "position": {
    "line": 7,
    "character": 23
  },
  "result": [
    {
      "range": {
        "start": {
          "line": 3,
          "character": 12
        },
        "end": {
          "line": 3,
          "character": 27
        }
      },
      "uri": "defFl33.bal"
    }
  ]
}
