{
  "source": {
    "file": "defFl33.bal"
  },
  "position": {
    "line": 5,
    "character": 14
  },
  "result": [
    {
      "range": {
        "start": {
          "line": 2,
          "character": 12
        },
        "end": {
          "line": 2,
          "character": 23
        }
      },
      "uri": "defFl33.bal"
    }
  ]
}
