{
  "source": {
    "file": "defFl24.bal"
  },
  "position": {
    "line": 56,
    "character": 50
  },
  "result": [
    {
      "range": {
        "start": {
          "line": 4,
          "character": 12
        },
        "end": {
          "line": 4,
          "character": 27
        }
      },
      "uri": "defFl24.bal"
    }
  ]
}