{
  "source": {
    "file": "defFl40.bal"
  },
  "position": {
    "line": 34,
    "character": 12
  },
  "result": [
    {
      "range": {
        "start": {
          "line": 28,
          "character": 5
        },
        "end": {
          "line": 28,
          "character": 19
        }
      },
      "uri": "defFl40.bal"
    }
  ]
}