Function testNestedTernary3 is never used (101,10-101,28)
Function test1 is never used (1,10-1,15)
Function test9 is never used (64,10-64,15)
Function testNestedTernary4 is never used (109,10-109,28)
Function test10 is never used (77,10-77,16)
Function testErrorInTernary is never used (149,10-149,28)
Function test6 is never used (43,10-43,15)
Variable location is never used (40,12-40,20)
Function testNestedTernary2 is never used (92,10-92,28)
Function test2 is never used (6,10-6,15)
Function test7 is never used (51,10-51,15)
Variable m is never used (52,14-52,15)
Function testNestedTernary1 is never used (84,10-84,28)
Function test3 is never used (14,10-14,15)
Function test4 is never used (21,10-21,15)
Function test5 is never used (29,10-29,15)
Function test8 is never used (58,10-58,15)
