{
  "source": {
    "file": "defFl36.bal"
  },
  "position": {
    "line": 12,
    "character": 26
  },
  "result": [
    {
      "range": {
        "start": {
          "line": 9,
          "character": 84
        },
        "end": {
          "line": 9,
          "character": 87
        }
      },
      "uri": "defFl36.bal"
    }
  ]
}