{
  "source": {
    "file": "defFl9.bal"
  },
  "position": {
    "line": 6,
    "character": 9
  },
  "result": [
    {
      "range": {
        "start": {
          "line": 0,
          "character": 24
        },
        "end": {
          "line": 0,
          "character": 26
        }
      },
      "uri": "defFl9.bal"
    }
  ]
}